###############################################################################
#
# IAR ELF Linker V7.30.3.8024/W32 for ARM                 04/Mar/2019  13:24:58
# Copyright 2007-2014 IAR Systems AB.
#
#    Output file  =  
#        D:\TechnicalData\Control\控制实践 - 倒立摆\一阶圆周倒立摆 -
#        直立环加位置环\Prj\IAR\DZ10_Debug\Exe\vcan_Kinetis.out
#    Map file     =  
#        D:\TechnicalData\Control\控制实践 - 倒立摆\一阶圆周倒立摆 -
#        直立环加位置环\Prj\IAR\DZ10_Debug\List\vcan_Kinetis.map
#    Command line =  
#        "D:\TechnicalData\Control\控制实践 - 倒立摆\一阶圆周倒立摆 -
#        直立环加位置环\Prj\IAR\DZ10_Debug\Obj\ctr_motor.o"
#        "D:\TechnicalData\Control\控制实践 - 倒立摆\一阶圆周倒立摆 -
#        直立环加位置环\Prj\IAR\DZ10_Debug\Obj\diskio.o"
#        "D:\TechnicalData\Control\控制实践 - 倒立摆\一阶圆周倒立摆 -
#        直立环加位置环\Prj\IAR\DZ10_Debug\Obj\ff.o"
#        "D:\TechnicalData\Control\控制实践 - 倒立摆\一阶圆周倒立摆 -
#        直立环加位置环\Prj\IAR\DZ10_Debug\Obj\main.o"
#        "D:\TechnicalData\Control\控制实践 - 倒立摆\一阶圆周倒立摆 -
#        直立环加位置环\Prj\IAR\DZ10_Debug\Obj\misc.o"
#        "D:\TechnicalData\Control\控制实践 - 倒立摆\一阶圆周倒立摆 -
#        直立环加位置环\Prj\IAR\DZ10_Debug\Obj\MK60_adc.o"
#        "D:\TechnicalData\Control\控制实践 - 倒立摆\一阶圆周倒立摆 -
#        直立环加位置环\Prj\IAR\DZ10_Debug\Obj\MK60_can.o"
#        "D:\TechnicalData\Control\控制实践 - 倒立摆\一阶圆周倒立摆 -
#        直立环加位置环\Prj\IAR\DZ10_Debug\Obj\MK60_conf.o"
#        "D:\TechnicalData\Control\控制实践 - 倒立摆\一阶圆周倒立摆 -
#        直立环加位置环\Prj\IAR\DZ10_Debug\Obj\MK60_dac.o"
#        "D:\TechnicalData\Control\控制实践 - 倒立摆\一阶圆周倒立摆 -
#        直立环加位置环\Prj\IAR\DZ10_Debug\Obj\MK60_dma.o"
#        "D:\TechnicalData\Control\控制实践 - 倒立摆\一阶圆周倒立摆 -
#        直立环加位置环\Prj\IAR\DZ10_Debug\Obj\MK60_DWT.o"
#        "D:\TechnicalData\Control\控制实践 - 倒立摆\一阶圆周倒立摆 -
#        直立环加位置环\Prj\IAR\DZ10_Debug\Obj\MK60_flash.o"
#        "D:\TechnicalData\Control\控制实践 - 倒立摆\一阶圆周倒立摆 -
#        直立环加位置环\Prj\IAR\DZ10_Debug\Obj\MK60_flexbus.o"
#        "D:\TechnicalData\Control\控制实践 - 倒立摆\一阶圆周倒立摆 -
#        直立环加位置环\Prj\IAR\DZ10_Debug\Obj\MK60_ftm.o"
#        "D:\TechnicalData\Control\控制实践 - 倒立摆\一阶圆周倒立摆 -
#        直立环加位置环\Prj\IAR\DZ10_Debug\Obj\MK60_gpio.o"
#        "D:\TechnicalData\Control\控制实践 - 倒立摆\一阶圆周倒立摆 -
#        直立环加位置环\Prj\IAR\DZ10_Debug\Obj\MK60_i2c.o"
#        "D:\TechnicalData\Control\控制实践 - 倒立摆\一阶圆周倒立摆 -
#        直立环加位置环\Prj\IAR\DZ10_Debug\Obj\MK60_it.o"
#        "D:\TechnicalData\Control\控制实践 - 倒立摆\一阶圆周倒立摆 -
#        直立环加位置环\Prj\IAR\DZ10_Debug\Obj\MK60_lptmr.o"
#        "D:\TechnicalData\Control\控制实践 - 倒立摆\一阶圆周倒立摆 -
#        直立环加位置环\Prj\IAR\DZ10_Debug\Obj\MK60_mcg.o"
#        "D:\TechnicalData\Control\控制实践 - 倒立摆\一阶圆周倒立摆 -
#        直立环加位置环\Prj\IAR\DZ10_Debug\Obj\MK60_PIT.o"
#        "D:\TechnicalData\Control\控制实践 - 倒立摆\一阶圆周倒立摆 -
#        直立环加位置环\Prj\IAR\DZ10_Debug\Obj\MK60_port.o"
#        "D:\TechnicalData\Control\控制实践 - 倒立摆\一阶圆周倒立摆 -
#        直立环加位置环\Prj\IAR\DZ10_Debug\Obj\MK60_rtc.o"
#        "D:\TechnicalData\Control\控制实践 - 倒立摆\一阶圆周倒立摆 -
#        直立环加位置环\Prj\IAR\DZ10_Debug\Obj\MK60_sdhc.o"
#        "D:\TechnicalData\Control\控制实践 - 倒立摆\一阶圆周倒立摆 -
#        直立环加位置环\Prj\IAR\DZ10_Debug\Obj\MK60_spi.o"
#        "D:\TechnicalData\Control\控制实践 - 倒立摆\一阶圆周倒立摆 -
#        直立环加位置环\Prj\IAR\DZ10_Debug\Obj\MK60_SysTick.o"
#        "D:\TechnicalData\Control\控制实践 - 倒立摆\一阶圆周倒立摆 -
#        直立环加位置环\Prj\IAR\DZ10_Debug\Obj\MK60_uart.o"
#        "D:\TechnicalData\Control\控制实践 - 倒立摆\一阶圆周倒立摆 -
#        直立环加位置环\Prj\IAR\DZ10_Debug\Obj\MK60_usb.o"
#        "D:\TechnicalData\Control\控制实践 - 倒立摆\一阶圆周倒立摆 -
#        直立环加位置环\Prj\IAR\DZ10_Debug\Obj\MK60_wdog.o"
#        "D:\TechnicalData\Control\控制实践 - 倒立摆\一阶圆周倒立摆 -
#        直立环加位置环\Prj\IAR\DZ10_Debug\Obj\pid.o"
#        "D:\TechnicalData\Control\控制实践 - 倒立摆\一阶圆周倒立摆 -
#        直立环加位置环\Prj\IAR\DZ10_Debug\Obj\startup_MK60DZ10.o"
#        "D:\TechnicalData\Control\控制实践 - 倒立摆\一阶圆周倒立摆 -
#        直立环加位置环\Prj\IAR\DZ10_Debug\Obj\system_MK60DZ10.o"
#        "D:\TechnicalData\Control\控制实践 - 倒立摆\一阶圆周倒立摆 -
#        直立环加位置环\Prj\IAR\DZ10_Debug\Obj\USB.o"
#        "D:\TechnicalData\Control\控制实践 - 倒立摆\一阶圆周倒立摆 -
#        直立环加位置环\Prj\IAR\DZ10_Debug\Obj\USB_CDC.o"
#        "D:\TechnicalData\Control\控制实践 - 倒立摆\一阶圆周倒立摆 -
#        直立环加位置环\Prj\IAR\DZ10_Debug\Obj\VCAN_ASCII.o"
#        "D:\TechnicalData\Control\控制实践 - 倒立摆\一阶圆周倒立摆 -
#        直立环加位置环\Prj\IAR\DZ10_Debug\Obj\VCAN_BMP.o"
#        "D:\TechnicalData\Control\控制实践 - 倒立摆\一阶圆周倒立摆 -
#        直立环加位置环\Prj\IAR\DZ10_Debug\Obj\VCAN_camera.o"
#        "D:\TechnicalData\Control\控制实践 - 倒立摆\一阶圆周倒立摆 -
#        直立环加位置环\Prj\IAR\DZ10_Debug\Obj\VCAN_computer.o"
#        "D:\TechnicalData\Control\控制实践 - 倒立摆\一阶圆周倒立摆 -
#        直立环加位置环\Prj\IAR\DZ10_Debug\Obj\vcan_img2sd.o"
#        "D:\TechnicalData\Control\控制实践 - 倒立摆\一阶圆周倒立摆 -
#        直立环加位置环\Prj\IAR\DZ10_Debug\Obj\VCAN_key.o"
#        "D:\TechnicalData\Control\控制实践 - 倒立摆\一阶圆周倒立摆 -
#        直立环加位置环\Prj\IAR\DZ10_Debug\Obj\VCAN_key_event.o"
#        "D:\TechnicalData\Control\控制实践 - 倒立摆\一阶圆周倒立摆 -
#        直立环加位置环\Prj\IAR\DZ10_Debug\Obj\VCAN_LCD.o"
#        "D:\TechnicalData\Control\控制实践 - 倒立摆\一阶圆周倒立摆 -
#        直立环加位置环\Prj\IAR\DZ10_Debug\Obj\VCAN_LCD_CH.o"
#        "D:\TechnicalData\Control\控制实践 - 倒立摆\一阶圆周倒立摆 -
#        直立环加位置环\Prj\IAR\DZ10_Debug\Obj\VCAN_LCD_ILI9341.o"
#        "D:\TechnicalData\Control\控制实践 - 倒立摆\一阶圆周倒立摆 -
#        直立环加位置环\Prj\IAR\DZ10_Debug\Obj\VCAN_LCD_ST7735R.o"
#        "D:\TechnicalData\Control\控制实践 - 倒立摆\一阶圆周倒立摆 -
#        直立环加位置环\Prj\IAR\DZ10_Debug\Obj\VCAN_LCD_ST7735S.o"
#        "D:\TechnicalData\Control\控制实践 - 倒立摆\一阶圆周倒立摆 -
#        直立环加位置环\Prj\IAR\DZ10_Debug\Obj\VCAN_LED.o"
#        "D:\TechnicalData\Control\控制实践 - 倒立摆\一阶圆周倒立摆 -
#        直立环加位置环\Prj\IAR\DZ10_Debug\Obj\VCAN_MMA7455.o"
#        "D:\TechnicalData\Control\控制实践 - 倒立摆\一阶圆周倒立摆 -
#        直立环加位置环\Prj\IAR\DZ10_Debug\Obj\VCAN_NRF24L0.o"
#        "D:\TechnicalData\Control\控制实践 - 倒立摆\一阶圆周倒立摆 -
#        直立环加位置环\Prj\IAR\DZ10_Debug\Obj\VCAN_NRF24L0_MSG.o"
#        "D:\TechnicalData\Control\控制实践 - 倒立摆\一阶圆周倒立摆 -
#        直立环加位置环\Prj\IAR\DZ10_Debug\Obj\VCAN_OV7725_Eagle.o"
#        "D:\TechnicalData\Control\控制实践 - 倒立摆\一阶圆周倒立摆 -
#        直立环加位置环\Prj\IAR\DZ10_Debug\Obj\VCAN_OV7725_Wolf.o"
#        "D:\TechnicalData\Control\控制实践 - 倒立摆\一阶圆周倒立摆 -
#        直立环加位置环\Prj\IAR\DZ10_Debug\Obj\VCAN_RTC_count.o"
#        "D:\TechnicalData\Control\控制实践 - 倒立摆\一阶圆周倒立摆 -
#        直立环加位置环\Prj\IAR\DZ10_Debug\Obj\VCAN_SCCB.o"
#        "D:\TechnicalData\Control\控制实践 - 倒立摆\一阶圆周倒立摆 -
#        直立环加位置环\Prj\IAR\DZ10_Debug\Obj\vcan_sd_app.o"
#        "D:\TechnicalData\Control\控制实践 - 倒立摆\一阶圆周倒立摆 -
#        直立环加位置环\Prj\IAR\DZ10_Debug\Obj\Vcan_touch.o"
#        "D:\TechnicalData\Control\控制实践 - 倒立摆\一阶圆周倒立摆 -
#        直立环加位置环\Prj\IAR\DZ10_Debug\Obj\VCAN_TSL1401.o"
#        "D:\TechnicalData\Control\控制实践 - 倒立摆\一阶圆周倒立摆 -
#        直立环加位置环\Prj\IAR\DZ10_Debug\Obj\VCAN_UI_VAR.o"
#        "D:\TechnicalData\Control\控制实践 - 倒立摆\一阶圆周倒立摆 -
#        直立环加位置环\Prj\IAR\DZ10_Debug\Obj\vectors.o" --redirect
#        _Printf=_PrintfLargeNoMb --redirect _Scanf=_ScanfLargeNoMb -o
#        "D:\TechnicalData\Control\控制实践 - 倒立摆\一阶圆周倒立摆 -
#        直立环加位置环\Prj\IAR\DZ10_Debug\Exe\vcan_Kinetis.out" --map
#        "D:\TechnicalData\Control\控制实践 - 倒立摆\一阶圆周倒立摆 -
#        直立环加位置环\Prj\IAR\DZ10_Debug\List\vcan_Kinetis.map" --config
#        "D:\TechnicalData\Control\控制实践 - 倒立摆\一阶圆周倒立摆 -
#        直立环加位置环\Prj\IAR\config files\vcan_ROM_K60N512.icf"
#        "D:\TechnicalData\Control\控制实践 - 倒立摆\一阶圆周倒立摆 -
#        直立环加位置环\Prj\IAR\..\..\Lib\CMSIS\iar_cortexM4l_math.a" --entry
#        __iar_program_start --vfe
#
###############################################################################

*******************************************************************************
*** RUNTIME MODEL ATTRIBUTES
***

CppFlavor       = *
__SystemLibrary = DLib


*******************************************************************************
*** PLACEMENT SUMMARY
***

"A1":  place at 0x00000000 { ro section .intvec };
"A2":  place at 0x00000410 { ro section .noinit };
"P1":  place in [from 0x00000000 to 0x00080000] { ro, block CodeRelocate };
"P2":  place in [from 0x1fff0410 to 0x20010000] {
          rw, block CodeRelocateRam, block CSTACK, block HEAP };

  Section              Kind        Address    Size  Object
  -------              ----        -------    ----  ------
"A1":                                        0x410
  .intvec              const    0x00000000   0x410  vectors.o [1]
                              - 0x00000410   0x410

"P1", part 1 of 2:                             0x0
  .rodata              const    0x00000410     0x0  zero_init3.o [5]

"A2":                                          0x8
  .noinit              ro code  0x00000410     0x8  startup_MK60DZ10.o [1]
                              - 0x00000418     0x8

"P1", part 2 of 2:                          0x4074
  .text                ro code  0x00000418   0xbee  xprintflarge_nomb.o [3]
  .text                ro code  0x00001006    0x22  zero_init3.o [5]
  .text                ro code  0x00001028    0x16  strchr.o [5]
  .text                ro code  0x00001040    0x36  strlen.o [5]
  .text                ro code  0x00001078    0x58  memchr.o [5]
  .text                ro code  0x000010d0    0xee  I64DivMod.o [5]
  .text                ro code  0x000011c0    0x76  ABImemcpy_unaligned.o [5]
  .text                ro code  0x00001236    0x42  xdnorm.o [4]
  .text                ro code  0x00001278    0x2e  DblCmpLe.o [4]
  .text                ro code  0x000012a8   0x1a2  DblMul.o [4]
  .text                ro code  0x0000144c   0x246  DblDiv.o [4]
  .text                ro code  0x00001694    0x2c  DblToI32.o [4]
  .text                ro code  0x000016c0    0x1c  I32ToDbl.o [4]
  .text                ro code  0x000016dc   0x180  DblSub.o [4]
  .text                ro code  0x0000185c    0x6c  localeconv.o [3]
  .text                ro code  0x000018c8     0xe  div.o [3]
  .text                ro code  0x000018d8     0x2  I64DivZer.o [5]
  .text                ro code  0x000018dc    0xd4  DblAdd.o [4]
  .text                ro code  0x000019b0     0x2  xtls.o [3]
  .data_init                    0x000019b4   0x800  <Block>
    Initializer bytes  ro data  0x000019b4   0x800  <for .data-1>
  .text                ro code  0x000021b4   0x504  MK60_ftm.o [1]
  .text                ro code  0x000026b8    0xb0  MK60_port.o [1]
  Veneer               ro code  0x00002768     0x8  - Linker created -
  Veneer               ro code  0x00002770     0x8  - Linker created -
  .text                ro code  0x00002778   0x140  MK60_conf.o [1]
  .text                ro code  0x000028b8    0x70  VCAN_LED.o [1]
  .text                ro code  0x00002928    0x24  printf.o [3]
  .text                ro code  0x0000294c    0x64  MK60_SysTick.o [1]
  .text                ro code  0x000029b0   0x248  MK60_uart.o [1]
  .text                ro code  0x00002bf8    0x9c  VCAN_key.o [1]
  .text                ro code  0x00002c94   0x130  MK60_gpio.o [1]
  Veneer               ro code  0x00002dc4     0x8  - Linker created -
  .text                ro code  0x00002dcc   0x3c8  MK60_mcg.o [1]
  .text                ro code  0x00003194   0x2d4  main.o [1]
  .text                ro code  0x00003468   0x2b8  MK60_adc.o [1]
  .text                ro code  0x00003720    0x9a  ctr_motor.o [1]
  .text                ro code  0x000037bc    0x7c  MK60_PIT.o [1]
  .text                ro code  0x00003838    0x50  misc.o [1]
  .text                ro code  0x00003888    0x1e  I32ToFlt.o [4]
  .text                ro code  0x000038a8    0xfc  pid.o [1]
  .text                ro code  0x000039a4    0x62  I64ToFlt.o [4]
  .text                ro code  0x00003a08    0xe6  FltSub.o [4]
  .text                ro code  0x00003af0    0x84  FltAdd.o [4]
  .text                ro code  0x00003b74    0xd8  FltMul.o [4]
  .text                ro code  0x00003c4c    0x44  FltToS32.o [4]
  CodeRelocate                  0x00003c90   0x1c8  <Block>
    Initializer bytes  ro data  0x00003c90   0x1c8  <for CodeRelocateRam-1>
  .text                ro code  0x00003e58   0x130  system_MK60DZ10.o [1]
  .text                ro code  0x00003f88    0x40  MK60_wdog.o [1]
  .rodata              const    0x00003fc8    0x64  MK60_flash.o [1]
  .rodata              const    0x0000402c    0x64  MK60_SysTick.o [1]
  .rodata              const    0x00004090    0x60  MK60_adc.o [1]
  .rodata              const    0x000040f0    0x60  MK60_ftm.o [1]
  .rodata              const    0x00004150    0x60  MK60_gpio.o [1]
  .rodata              const    0x000041b0    0x60  MK60_PIT.o [1]
  .rodata              const    0x00004210    0x60  MK60_uart.o [1]
  .rodata              const    0x00004270    0x5c  misc.o [1]
  .rodata              const    0x000042cc    0x3c  MK60_conf.o [1]
  .text                ro code  0x00004308    0x28  data_init.o [5]
  .rodata              const    0x00004330    0x24  MK60_conf.o [1]
  .iar.init_table      const    0x00004354    0x10  - Linker created -
  .rodata              const    0x00004364    0x20  MK60_conf.o [1]
  .text                ro code  0x00004384    0x1a  cmain.o [5]
  .text                ro code  0x0000439e     0x4  low_level_init.o [3]
  .text                ro code  0x000043a2     0x4  exit.o [3]
  .text                ro code  0x000043a8     0xa  cexit.o [5]
  .text                ro code  0x000043b4     0xc  XXexit.o [5]
  .text                ro code  0x000043c0    0x16  xprout.o [3]
  .text                ro code  0x000043d8     0xc  putchar.o [3]
  .rodata              const    0x000043e4    0x14  MK60_conf.o [1]
  .text                ro code  0x000043f8     0xc  cstartup_M.o [5]
  Initializer bytes    ro data  0x00004404    0x88  <for P2 s0>
                              - 0x0000448c  0x4074

"P2":                                        0xae8
  .data                         0x1fff0410   0x800  <Block>
    .data-1                     0x1fff0410   0x800  <Init block>
      .data            inited   0x1fff0410     0x8  MK60_adc.o [1]
      .data            inited   0x1fff0418   0x708  MK60_conf.o [1]
      .data            inited   0x1fff0b20     0xc  MK60_ftm.o [1]
      .data            inited   0x1fff0b2c    0x14  MK60_gpio.o [1]
      .data            inited   0x1fff0b40    0x44  MK60_mcg.o [1]
      .data            inited   0x1fff0b84     0x4  MK60_mcg.o [1]
      .data            inited   0x1fff0b88    0x14  MK60_port.o [1]
      .data            inited   0x1fff0b9c    0x18  MK60_uart.o [1]
      .data            inited   0x1fff0bb4     0x4  pid.o [1]
      .data            inited   0x1fff0bb8     0x4  pid.o [1]
      .data            inited   0x1fff0bbc     0x4  pid.o [1]
      .data            inited   0x1fff0bc0     0x4  pid.o [1]
      .data            inited   0x1fff0bc4     0x8  VCAN_key.o [1]
      .data            inited   0x1fff0bcc     0x4  VCAN_LED.o [1]
      .data            inited   0x1fff0bd0    0x40  xfiles.o [3]
  CodeRelocateRam               0x1fff0c10   0x1c8  <Block>
    CodeRelocateRam-1           0x1fff0c10   0x1c8  <Init block>
      Veneer           inited   0x1fff0c10     0x8  - Linker created -
      Veneer           inited   0x1fff0c18     0x8  - Linker created -
      .textrw          inited   0x1fff0c20   0x168  MK60_flash.o [1]
      .textrw          inited   0x1fff0d88    0x50  MK60_mcg.o [1]
  .bss                          0x1fff0dd8    0x98  <Block>
    .bss               zero     0x1fff0dd8     0x8  main.o [1]
    .bss               zero     0x1fff0de0     0xc  MK60_ftm.o [1]
    .bss               zero     0x1fff0dec     0x4  pid.o [1]
    .bss               zero     0x1fff0df0     0x4  pid.o [1]
    .bss               zero     0x1fff0df4     0x4  pid.o [1]
    .bss               zero     0x1fff0df8     0x4  pid.o [1]
    .bss               zero     0x1fff0dfc     0x4  pid.o [1]
    .bss               zero     0x1fff0e00     0x4  pid.o [1]
    .bss               zero     0x1fff0e04     0x4  system_MK60DZ10.o [1]
    .bss               zero     0x1fff0e08     0x4  system_MK60DZ10.o [1]
    .bss               zero     0x1fff0e0c     0x4  system_MK60DZ10.o [1]
    .bss               zero     0x1fff0e10    0x50  xfiles.o [3]
    .bss               zero     0x1fff0e60     0x2  main.o [1]
    .bss               zero     0x1fff0e62     0x2  main.o [1]
    .bss               zero     0x1fff0e64     0x2  main.o [1]
    .bss               zero     0x1fff0e66     0x2  main.o [1]
    .bss               zero     0x1fff0e68     0x2  main.o [1]
    .bss               zero     0x1fff0e6a     0x2  main.o [1]
    .bss               zero     0x1fff0e6c     0x2  main.o [1]
    .bss               zero     0x1fff0e6e     0x1  main.o [1]
  P2 s0                         0x1fff0e70    0x88  <Init block>
    __DLIB_PERTHREAD   inited   0x1fff0e70    0x88  localeconv.o [3]
                              - 0x1fff0ef8   0xae8


*******************************************************************************
*** INIT TABLE
***

          Address     Size
          -------     ----
Zero (__iar_zero_init3)
    1 destination range, total size 0x97:
          0x1fff0dd8  0x97



*******************************************************************************
*** MODULE SUMMARY
***

    Module                 ro code  rw code  ro data  rw data
    ------                 -------  -------  -------  -------
D:\TechnicalData\Control\控制实践 - 倒立摆\一阶圆周倒立摆 - 直立环加位置环\Prj\IAR\DZ10_Debug\Obj: [1]
    MK60_PIT.o                 124                96
    MK60_SysTick.o             100               100
    MK60_adc.o                 696               104        8
    MK60_conf.o                320             1 948    1 800
    MK60_flash.o                        360      460
    MK60_ftm.o               1 284               108       24
    MK60_gpio.o                304               116       20
    MK60_mcg.o                 968       80      152       72
    MK60_port.o                176                20       20
    MK60_uart.o                584               120       24
    MK60_wdog.o                 64
    VCAN_LED.o                 112                 4        4
    VCAN_key.o                 156                 8        8
    ctr_motor.o                154
    main.o                     724                         23
    misc.o                      80                92
    pid.o                      252                16       40
    startup_MK60DZ10.o           8
    system_MK60DZ10.o          304                         12
    vectors.o                                  1 040
    ---------------------------------------------------------
    Total:                   6 410      440    4 384    2 055

command line: [2]
    ---------------------------------------------------------
    Total:

dl7M_tlf.a: [3]
    div.o                       14
    exit.o                       4
    localeconv.o               108               136      136
    low_level_init.o             4
    printf.o                    36
    putchar.o                   12
    xfiles.o                                      64      144
    xprintflarge_nomb.o      3 054
    xprout.o                    22
    xtls.o                       2
    ---------------------------------------------------------
    Total:                   3 256               200      280

m7M_tl.a: [4]
    DblAdd.o                   212
    DblCmpLe.o                  46
    DblDiv.o                   582
    DblMul.o                   418
    DblSub.o                   384
    DblToI32.o                  44
    FltAdd.o                   132
    FltMul.o                   216
    FltSub.o                   230
    FltToS32.o                  68
    I32ToDbl.o                  28
    I32ToFlt.o                  30
    I64ToFlt.o                  98
    xdnorm.o                    66
    ---------------------------------------------------------
    Total:                   2 554

rt7M_tl.a: [5]
    ABImemcpy_unaligned.o      118
    I64DivMod.o                238
    I64DivZer.o                  2
    XXexit.o                    12
    cexit.o                     10
    cmain.o                     26
    cstartup_M.o                12
    data_init.o                 40
    memchr.o                    88
    strchr.o                    22
    strlen.o                    54
    zero_init3.o                34
    ---------------------------------------------------------
    Total:                     656

    Gaps                        30
    Linker created              24       16       32
-------------------------------------------------------------
    Grand Total:            12 930      456    4 616    2 335


*******************************************************************************
*** ENTRY LIST
***

Entry                      Address   Size  Type      Object
-----                      -------   ----  ----      ------
.bss$$Base              0x1fff0dd8          --   Gb  - Linker created -
.bss$$Limit             0x1fff0e70          --   Gb  - Linker created -
.data$$Base             0x1fff0410          --   Gb  - Linker created -
.data$$Limit            0x1fff0c10          --   Gb  - Linker created -
.data_init$$Base        0x000019b4          --   Gb  - Linker created -
.data_init$$Limit       0x000021b4          --   Gb  - Linker created -
?main                   0x00004385         Code  Gb  cmain.o [5]
ADCN                    0x1fff0410    0x8  Data  Gb  MK60_adc.o [1]
ASSERT_FAILED_STR       0x00004330   0x24  Data  Gb  MK60_conf.o [1]
Ang_PID                 0x000038a9   0x6a  Code  Gb  pid.o [1]
CodeRelocate$$Base      0x00003c90          --   Gb  - Linker created -
CodeRelocate$$Limit     0x00003e58          --   Gb  - Linker created -
CodeRelocateRam$$Base   0x1fff0c10          --   Gb  - Linker created -
CodeRelocateRam$$Limit  0x1fff0dd8          --   Gb  - Linker created -
FTMN                    0x1fff0b20    0xc  Data  Gb  MK60_ftm.o [1]
FTM_port_mux            0x000021b5  0x118  Code  Lc  MK60_ftm.o [1]
GPIOX                   0x1fff0b2c   0x14  Data  Gb  MK60_gpio.o [1]
KEY_PTxn                0x1fff0bc4    0x8  Data  Gb  VCAN_key.o [1]
Kd_ang                  0x1fff0bb8    0x4  Data  Gb  pid.o [1]
Kd_pos                  0x1fff0bc0    0x4  Data  Gb  pid.o [1]
Ki_ang                  0x1fff0dec    0x4  Data  Gb  pid.o [1]
Ki_pos                  0x1fff0df0    0x4  Data  Gb  pid.o [1]
Kp_ang                  0x1fff0bb4    0x4  Data  Gb  pid.o [1]
Kp_pos                  0x1fff0bbc    0x4  Data  Gb  pid.o [1]
LED_PTxn                0x1fff0bcc    0x4  Data  Gb  VCAN_LED.o [1]
LoadInt                 0x00000993   0x6e  Code  Lc  xprintflarge_nomb.o [3]
NVIC_EnableIRQ          0x00003195   0x14  Code  Lc  main.o [1]
NVIC_SystemReset        0x00002779   0x1a  Code  Lc  MK60_conf.o [1]
PIT0_ISR                0x000031ed  0x240  Code  Gb  main.o [1]
PORTX                   0x1fff0b88   0x14  Data  Gb  MK60_port.o [1]
Pos_PID                 0x00003913   0x6a  Code  Gb  pid.o [1]
Region$$Table$$Base     0x00004354          --   Gb  - Linker created -
Region$$Table$$Limit    0x00004364          --   Gb  - Linker created -
Reset_Handler           0x00000411         Code  Gb  startup_MK60DZ10.o [1]
UARTN                   0x1fff0b9c   0x18  Data  Gb  MK60_uart.o [1]
_GenldLargeNoMb         0x00000d89  0x236  Code  Lc  xprintflarge_nomb.o [3]
_LdtobLargeNoMb         0x00000b09  0x27a  Code  Lc  xprintflarge_nomb.o [3]
_LitobLargeNoMb         0x00000a01  0x106  Code  Lc  xprintflarge_nomb.o [3]
_Locale_aeabi_lconv     0x1fff0ec0   0x38  Data  Gb  localeconv.o [3]
_Locale_lconv           0x1fff0e70   0x50  Data  Gb  localeconv.o [3]
_PrintfLargeNoMb        0x00000419  0x574  Code  Gb  xprintflarge_nomb.o [3]
_Prout                  0x000043c1   0x16  Code  Gb  xprout.o [3]
_PutcharsLargeNoMb      0x00000fbf   0x2e  Code  Lc  xprintflarge_nomb.o [3]
__BOOT_STACK_ADDRESS {Abs}
                        0x2000fff8          --   Gb  command line/config [2]
__VECTOR_RAM {Abs}      0x1fff0000          --   Gb  command line/config [2]
__VECTOR_TABLE {Abs}    0x00000000          --   Gb  command line/config [2]
__aeabi_cdcmple         0x00001279         Code  Gb  DblCmpLe.o [4]
__aeabi_d2uiz           0x00001695         Code  Gb  DblToI32.o [4]
__aeabi_ddiv            0x0000144d         Code  Gb  DblDiv.o [4]
__aeabi_dmul            0x000012a9         Code  Gb  DblMul.o [4]
__aeabi_dsub            0x000016dd         Code  Gb  DblSub.o [4]
__aeabi_f2iz            0x00003c4d         Code  Gb  FltToS32.o [4]
__aeabi_fadd            0x00003af1         Code  Gb  FltAdd.o [4]
__aeabi_fmul            0x00003b75         Code  Gb  FltMul.o [4]
__aeabi_fsub            0x00003a09         Code  Gb  FltSub.o [4]
__aeabi_l2f             0x000039a5         Code  Gb  I64ToFlt.o [4]
__aeabi_ldiv0           0x000018d9         Code  Gb  I64DivZer.o [5]
__aeabi_ui2d            0x000016c1         Code  Gb  I32ToDbl.o [4]
__aeabi_ui2f            0x00003889         Code  Gb  I32ToFlt.o [4]
__aeabi_ul2f            0x000039c1         Code  Gb  I64ToFlt.o [4]
__aeabi_uldivmod        0x000010d1         Code  Gb  I64DivMod.o [5]
__cmain                 0x00004385         Code  Gb  cmain.o [5]
__code_start__ {Abs}    0x00000410          --   Gb  command line/config [2]
__exit                  0x000043b5         Code  Gb  XXexit.o [5]
__iar_Dnorm             0x00001237   0x42  Code  Gb  xdnorm.o [4]
__iar_Locale_lconv_init
                        0x0000185d   0x3a  Code  Gb  localeconv.o [3]
__iar_Memchr            0x00001079         Code  Gb  memchr.o [5]
__iar_Stdout            0x1fff0bd0   0x40  Data  Gb  xfiles.o [3]
__iar_Strchr            0x00001029         Code  Gb  strchr.o [5]
__iar_d2uiz             0x000016a1         Code  Gb  DblToI32.o [4]
__iar_dadd              0x000018dd         Code  Gb  DblAdd.o [4]
__iar_data_init3        0x00004309   0x28  Code  Gb  data_init.o [5]
__iar_dlib_perthread_access
                        0x000019b1    0x2  Code  Gb  xtls.o [3]
__iar_dsub              0x000016f1         Code  Gb  DblSub.o [4]
__iar_dsubStart         0x00001703         Code  Gb  DblSub.o [4]
__iar_fadd              0x00003b01         Code  Gb  FltAdd.o [4]
__iar_fsub              0x00003a19         Code  Gb  FltSub.o [4]
__iar_fsubStart         0x00003a29         Code  Gb  FltSub.o [4]
__iar_program_start     0x000043f9         Code  Gb  cstartup_M.o [5]
__iar_ui2d              0x000016c5         Code  Gb  I32ToDbl.o [4]
__iar_ui2f              0x0000388d         Code  Gb  I32ToFlt.o [4]
__iar_ul2f              0x000039cd         Code  Gb  I64ToFlt.o [4]
__iar_unaligned___aeabi_memcpy
                        0x000011c1         Code  Gb  ABImemcpy_unaligned.o [5]
__iar_unaligned___aeabi_memcpy4
                        0x000011e1         Code  Gb  ABImemcpy_unaligned.o [5]
__iar_unaligned___aeabi_memcpy8
                        0x000011e1         Code  Gb  ABImemcpy_unaligned.o [5]
__iar_zero_init3        0x00001007   0x22  Code  Gb  zero_init3.o [5]
__low_level_init        0x0000439f    0x4  Code  Gb  low_level_init.o [3]
__vector_table          0x00000000  0x410  Data  Gb  vectors.o [1]
_call_main              0x00004391         Code  Gb  cmain.o [5]
_exit                   0x000043a9         Code  Gb  cexit.o [5]
_main                   0x0000439b         Code  Gb  cmain.o [5]
adc_init                0x00003469  0x20e  Code  Gb  MK60_adc.o [1]
adc_once                0x00003677   0x50  Code  Gb  MK60_adc.o [1]
adc_start               0x000036c7   0x44  Code  Lc  MK60_adc.o [1]
angle                   0x1fff0e60    0x2  Data  Gb  main.o [1]
assert_failed           0x00002793   0x26  Code  Gb  MK60_conf.o [1]
bus_clk_khz             0x1fff0e0c    0x4  Data  Gb  system_MK60DZ10.o [1]
common_startup          0x00003eb7   0x98  Code  Gb  system_MK60DZ10.o [1]
core_clk_khz            0x1fff0e04    0x4  Data  Gb  system_MK60DZ10.o [1]
core_clk_mhz            0x1fff0e08    0x4  Data  Gb  system_MK60DZ10.o [1]
ctr_motor               0x00003745   0x76  Code  Gb  ctr_motor.o [1]
ctr_motor_init          0x00003721   0x24  Code  Gb  ctr_motor.o [1]
default_isr             0x00002867   0x30  Code  Gb  MK60_conf.o [1]
div                     0x000018c9    0xe  Code  Gb  div.o [3]
encoder_counter         0x1fff0dd8    0x8  Data  Gb  main.o [1]
exit                    0x000043a3    0x4  Code  Gb  exit.o [3]
flash_cmd               0x1fff0c21   0x20  Code  Gb  MK60_flash.o [1]
flash_erase_sector      0x1fff0c71   0x58  Code  Gb  MK60_flash.o [1]
flash_init              0x1fff0c41   0x30  Code  Gb  MK60_flash.o [1]
flash_write             0x1fff0cc9   0x8e  Code  Gb  MK60_flash.o [1]
fputc                   0x000027b9   0x14  Code  Gb  MK60_conf.o [1]
ftm_mod                 0x1fff0de0    0xc  Data  Lc  MK60_ftm.o [1]
ftm_pwm_duty            0x0000245d   0xe8  Code  Gb  MK60_ftm.o [1]
ftm_pwm_init            0x000022cd  0x190  Code  Gb  MK60_ftm.o [1]
ftm_quad_clean          0x00002677   0x28  Code  Gb  MK60_ftm.o [1]
ftm_quad_get            0x0000264b   0x2c  Code  Gb  MK60_ftm.o [1]
ftm_quad_init           0x00002545  0x106  Code  Gb  MK60_ftm.o [1]
gpio_get                0x00002d7d   0x3e  Code  Gb  MK60_gpio.o [1]
gpio_init               0x00002c95   0xae  Code  Gb  MK60_gpio.o [1]
gpio_turn               0x00002d43   0x3a  Code  Gb  MK60_gpio.o [1]
key_check               0x00002c65   0x2a  Code  Gb  VCAN_key.o [1]
key_get                 0x00002c4b   0x1a  Code  Gb  VCAN_key.o [1]
key_init                0x00002bf9   0x52  Code  Gb  VCAN_key.o [1]
led_init                0x000028b9   0x3a  Code  Gb  VCAN_LED.o [1]
led_turn                0x000028f3   0x32  Code  Gb  VCAN_LED.o [1]
localeconv              0x00001897   0x16  Code  Gb  localeconv.o [3]
main                    0x000031a9   0x44  Code  Gb  main.o [1]
mcg_cfg                 0x1fff0b40   0x44  Data  Gb  MK60_mcg.o [1]
mcg_div                 0x1fff0b84    0x4  Data  Gb  MK60_mcg.o [1]
mcg_div_count           0x00002dcd  0x2fa  Code  Gb  MK60_mcg.o [1]
memchr                  0x00001079         Code  Gb  memchr.o [5]
obuf                    0x1fff0e10   0x50  Data  Lc  xfiles.o [3]
pit_init                0x000037bd   0x6c  Code  Gb  MK60_PIT.o [1]
pll_init                0x000030c7   0xb2  Code  Gb  MK60_mcg.o [1]
port_init               0x000026b9   0x44  Code  Gb  MK60_port.o [1]
port_init_NoALT         0x000026fd   0x62  Code  Gb  MK60_port.o [1]
printf                  0x00002929   0x24  Code  Gb  printf.o [3]
putchar                 0x000043d9    0xc  Code  Gb  putchar.o [3]
set_sys_dividers        0x1fff0d89   0x50  Code  Gb  MK60_mcg.o [1]
set_vector_handler      0x0000385b   0x22  Code  Gb  misc.o [1]
signed_pwm_all          0x1fff0e6c    0x2  Data  Gb  main.o [1]
signed_pwm_ang          0x1fff0e62    0x2  Data  Gb  main.o [1]
signed_pwm_pos_delta    0x1fff0e68    0x2  Data  Gb  main.o [1]
signed_pwm_pos_last     0x1fff0e64    0x2  Data  Gb  main.o [1]
signed_pwm_pos_now      0x1fff0e66    0x2  Data  Gb  main.o [1]
signed_pwm_pos_used     0x1fff0e6a    0x2  Data  Gb  main.o [1]
start                   0x00003e59   0x22  Code  Gb  system_MK60DZ10.o [1]
start_check             0x000027cd   0x9a  Code  Gb  MK60_conf.o [1]
strchr                  0x00001029         Code  Gb  strchr.o [5]
strlen                  0x00001041         Code  Gb  strlen.o [5]
sysinit                 0x00003e7b   0x3c  Code  Gb  system_MK60DZ10.o [1]
systick_delay           0x0000294d   0x36  Code  Gb  MK60_SysTick.o [1]
systick_delay_ms        0x00002983   0x18  Code  Gb  MK60_SysTick.o [1]
uart_init               0x000029b1  0x214  Code  Gb  MK60_uart.o [1]
uart_putchar            0x00002bc5   0x1a  Code  Gb  MK60_uart.o [1]
vector_str              0x1fff0418  0x708  Data  Gb  MK60_conf.o [1]
wdog_disable            0x00003f89   0x16  Code  Gb  MK60_wdog.o [1]
wdog_unlock             0x00003f9f   0x20  Code  Lc  MK60_wdog.o [1]
write_vtor              0x00003839   0x22  Code  Gb  misc.o [1]


[1] = D:\TechnicalData\Control\控制实践 - 倒立摆\一阶圆周倒立摆 - 直立环加位置环\Prj\IAR\DZ10_Debug\Obj
[2] = command line
[3] = dl7M_tlf.a
[4] = m7M_tl.a
[5] = rt7M_tl.a

  12 930 bytes of readonly  code memory
     456 bytes of readwrite code memory
   4 616 bytes of readonly  data memory
   2 335 bytes of readwrite data memory

Errors: none
Warnings: none
